// Jest Snapshot v1, https://goo.gl/fbAQLP

exports[`the app matches the snapshot 1`] = `
<div>
  <div>
    <div
      style="width:40px;height:60px;border:1px solid black"
    >
      52
    </div>
    <button>
      draw
    </button>
  </div>
  <div />
</div>
`;
